[fixed_no_param, eq, eq]
[fixed, fixed]
[fixed_no_param, eq, eq, cast]
